PLINK v1.90b6.24 64-bit (6 Jun 2021)
Options in effect:
  --dummy 5000 5000
  --make-bed
  --out example

Hostname: n6426
Working directory: /u/scratch/z/zhengton/nonlinear_gxe/scripts/github/ENGINE/data
Start time: Tue Nov 18 16:42:09 2025

Random number seed: 1763512929
192097 MB RAM detected; reserving 96048 MB for main workspace.
Allocated 17094 MB successfully, after larger attempt(s) failed.
Dummy data (5000 people, 5000 SNPs) written to example-temporary.bed +
example-temporary.bim + example-temporary.fam .
5000 variants loaded from .bim file.
5000 people (0 males, 5000 females) loaded from .fam.
5000 phenotype values loaded from .fam.
Using 1 thread (no multithreaded calculations invoked).
Before main variant filters, 5000 founders and 0 nonfounders present.
Calculating allele frequencies... done.
Total genotyping rate is exactly 1.
5000 variants and 5000 people pass filters and QC.
Among remaining phenotypes, 2482 are cases and 2518 are controls.
--make-bed to example.bed + example.bim + example.fam ... done.

End time: Tue Nov 18 16:42:10 2025
